
> be@0.0.1 test:integration C:\Users\Admin\Main\Desktop\HKI 2026-2027\CNM\Backend
> jest --config ./test/jest-e2e.json --testPathPattern=integration --forceExit --no-cache

node.exe : PASS 
test/integration/chat-service/message.repository.integration.spec.ts (22.668 s)
At C:\Users\Admin\AppData\Roaming\npm\pnpm.ps1:24 char:5
+     & "node$exe"  "$basedir/node_modules/pnpm/bin/pnpm.cjs" $args
+     ~~~~~~~~~~~~~~~~~~~~~~~~~~~~~~~~~~~~~~~~~~~~~~~~~~~~~~~~~~~~~
    + CategoryInfo          : NotSpecified: (PASS test/integ...c.ts (22.668 s) 
   :String) [], RemoteException
    + FullyQualifiedErrorId : NativeCommandError
 
[31m[Nest] 24724  - [39m03/09/2026, 4:49:41 PM [31m  ERROR[39m 
[38;5;3m[AiGatewayService] [39m[31mProvider openai failed: OpenAI down[39m
[31m[Nest] 24724  - [39m03/09/2026, 4:49:41 PM [31m  ERROR[39m 
[38;5;3m[AiGatewayService] [39m[31mProvider openai failed: openai error[39m
[31m[Nest] 24724  - [39m03/09/2026, 4:49:41 PM [31m  ERROR[39m 
[38;5;3m[AiGatewayService] [39m[31mProvider gemini failed: gemini error[39m
[31m[Nest] 24724  - [39m03/09/2026, 4:49:41 PM [31m  ERROR[39m 
[38;5;3m[AiGatewayService] [39m[31mProvider openai failed: fail[39m
[31m[Nest] 24724  - [39m03/09/2026, 4:49:41 PM [31m  ERROR[39m 
[38;5;3m[AiGatewayService] [39m[31mProvider openai failed: fail[39m
[31m[Nest] 24724  - [39m03/09/2026, 4:49:41 PM [31m  ERROR[39m 
[38;5;3m[AiGatewayService] [39m[31mProvider openai failed: fail[39m
[31m[Nest] 24724  - [39m03/09/2026, 4:49:41 PM [31m  ERROR[39m 
[38;5;3m[AiGatewayService] [39m[31mProvider openai failed: fail[39m
[31m[Nest] 24724  - [39m03/09/2026, 4:49:41 PM [31m  ERROR[39m 
[38;5;3m[AiGatewayService] [39m[31mProvider openai failed: fail[39m
PASS test/integration/ai-core-service/ai-gateway.integration.spec.ts (26.149 s)
[31m[Nest] 15212  - [39m03/09/2026, 4:49:42 PM [31m  ERROR[39m 
[38;5;3m[CacheService] [39m[31mCache get error for key some-key:[39m
[31m[Nest] 15212  - [39m03/09/2026, 4:49:42 PM [31m  ERROR[39m 
[38;5;3m[CacheService] [39mError: Redis error
    at Object.<anonymous> [90m(C:\Users\Admin\Main\Desktop\HKI 2026-2027\CNM\B
ackend\[39mtest\integration\redis\cache.service.integration.spec.ts:376:46[90
m)[39m
    at Promise.then.completed [90m(C:\Users\Admin\Main\Desktop\HKI 2026-2027\C
NM\Backend\[39mnode_modules\[4m.pnpm[24m\jest-circus@29.7.0\node_modules\[4
mjest-circus[24m\build\utils.js:298:28[90m)[39m
    at new Promise (<anonymous>)
    at callAsyncCircusFn [90m(C:\Users\Admin\Main\Desktop\HKI 2026-2027\CNM\Ba
ckend\[39mnode_modules\[4m.pnpm[24m\jest-circus@29.7.0\node_modules\[4mjest
-circus[24m\build\utils.js:231:10[90m)[39m
    at _callCircusTest [90m(C:\Users\Admin\Main\Desktop\HKI 2026-2027\CNM\Back
end\[39mnode_modules\[4m.pnpm[24m\jest-circus@29.7.0\node_modules\[4mjest-c
ircus[24m\build\run.js:316:40[90m)[39m
[90m    at processTicksAndRejections 
(node:internal/process/task_queues:105:5)[39m
    at _runTest [90m(C:\Users\Admin\Main\Desktop\HKI 2026-2027\CNM\Backend\[3
9mnode_modules\[4m.pnpm[24m\jest-circus@29.7.0\node_modules\[4mjest-circus[
24m\build\run.js:252:3[90m)[39m
    at _runTestsForDescribeBlock [90m(C:\Users\Admin\Main\Desktop\HKI 2026-202
7\CNM\Backend\[39mnode_modules\[4m.pnpm[24m\jest-circus@29.7.0\node_modules\
[4mjest-circus[24m\build\run.js:126:9[90m)[39m
    at _runTestsForDescribeBlock [90m(C:\Users\Admin\Main\Desktop\HKI 2026-202
7\CNM\Backend\[39mnode_modules\[4m.pnpm[24m\jest-circus@29.7.0\node_modules\
[4mjest-circus[24m\build\run.js:121:9[90m)[39m
    at _runTestsForDescribeBlock [90m(C:\Users\Admin\Main\Desktop\HKI 2026-202
7\CNM\Backend\[39mnode_modules\[4m.pnpm[24m\jest-circus@29.7.0\node_modules\
[4mjest-circus[24m\build\run.js:121:9[90m)[39m
    at run [90m(C:\Users\Admin\Main\Desktop\HKI 2026-2027\CNM\Backend\[39mnod
e_modules\[4m.pnpm[24m\jest-circus@29.7.0\node_modules\[4mjest-circus[24m\b
uild\run.js:71:3[90m)[39m
    at runAndTransformResultsToJestFormat 
[90m(C:\Users\Admin\Main\Desktop\HKI 2026-2027\CNM\Backend\[39mnode_modules\
[4m.pnpm[24m\jest-circus@29.7.0\node_modules\[4mjest-circus[24m\build\legacy
-code-todo-rewrite\jestAdapterInit.js:122:21[90m)[39m
    at jestAdapter [90m(C:\Users\Admin\Main\Desktop\HKI 2026-2027\CNM\Backend\
[39mnode_modules\[4m.pnpm[24m\jest-circus@29.7.0\node_modules\[4mjest-circu
s[24m\build\legacy-code-todo-rewrite\jestAdapter.js:79:19[90m)[39m
    at runTestInternal [90m(C:\Users\Admin\Main\Desktop\HKI 2026-2027\CNM\Back
end\[39mnode_modules\[4m.pnpm[24m\jest-runner@29.7.0\node_modules\[4mjest-r
unner[24m\build\runTest.js:367:16[90m)[39m
    at runTest [90m(C:\Users\Admin\Main\Desktop\HKI 2026-2027\CNM\Backend\[39
mnode_modules\[4m.pnpm[24m\jest-runner@29.7.0\node_modules\[4mjest-runner[2
4m\build\runTest.js:444:34[90m)[39m
    at Object.worker [90m(C:\Users\Admin\Main\Desktop\HKI 2026-2027\CNM\Backen
d\[39mnode_modules\[4m.pnpm[24m\jest-runner@29.7.0\node_modules\[4mjest-run
ner[24m\build\testWorker.js:106:12[90m)[39m
[31m[Nest] 15212  - [39m03/09/2026, 4:49:42 PM [31m  ERROR[39m 
[38;5;3m[CacheService] [39m[31mCache set error for key key:[39m
[31m[Nest] 15212  - [39m03/09/2026, 4:49:42 PM [31m  ERROR[39m 
[38;5;3m[CacheService] [39mError: Redis error
    at Object.<anonymous> [90m(C:\Users\Admin\Main\Desktop\HKI 2026-2027\CNM\B
ackend\[39mtest\integration\redis\cache.service.integration.spec.ts:383:48[90
m)[39m
    at Promise.then.completed [90m(C:\Users\Admin\Main\Desktop\HKI 2026-2027\C
NM\Backend\[39mnode_modules\[4m.pnpm[24m\jest-circus@29.7.0\node_modules\[4
mjest-circus[24m\build\utils.js:298:28[90m)[39m
    at new Promise (<anonymous>)
    at callAsyncCircusFn [90m(C:\Users\Admin\Main\Desktop\HKI 2026-2027\CNM\Ba
ckend\[39mnode_modules\[4m.pnpm[24m\jest-circus@29.7.0\node_modules\[4mjest
-circus[24m\build\utils.js:231:10[90m)[39m
    at _callCircusTest [90m(C:\Users\Admin\Main\Desktop\HKI 2026-2027\CNM\Back
end\[39mnode_modules\[4m.pnpm[24m\jest-circus@29.7.0\node_modules\[4mjest-c
ircus[24m\build\run.js:316:40[90m)[39m
[90m    at processTicksAndRejections 
(node:internal/process/task_queues:105:5)[39m
    at _runTest [90m(C:\Users\Admin\Main\Desktop\HKI 2026-2027\CNM\Backend\[3
9mnode_modules\[4m.pnpm[24m\jest-circus@29.7.0\node_modules\[4mjest-circus[
24m\build\run.js:252:3[90m)[39m
    at _runTestsForDescribeBlock [90m(C:\Users\Admin\Main\Desktop\HKI 2026-202
7\CNM\Backend\[39mnode_modules\[4m.pnpm[24m\jest-circus@29.7.0\node_modules\
[4mjest-circus[24m\build\run.js:126:9[90m)[39m
    at _runTestsForDescribeBlock [90m(C:\Users\Admin\Main\Desktop\HKI 2026-202
7\CNM\Backend\[39mnode_modules\[4m.pnpm[24m\jest-circus@29.7.0\node_modules\
[4mjest-circus[24m\build\run.js:121:9[90m)[39m
    at _runTestsForDescribeBlock [90m(C:\Users\Admin\Main\Desktop\HKI 2026-202
7\CNM\Backend\[39mnode_modules\[4m.pnpm[24m\jest-circus@29.7.0\node_modules\
[4mjest-circus[24m\build\run.js:121:9[90m)[39m
    at run [90m(C:\Users\Admin\Main\Desktop\HKI 2026-2027\CNM\Backend\[39mnod
e_modules\[4m.pnpm[24m\jest-circus@29.7.0\node_modules\[4mjest-circus[24m\b
uild\run.js:71:3[90m)[39m
    at runAndTransformResultsToJestFormat 
[90m(C:\Users\Admin\Main\Desktop\HKI 2026-2027\CNM\Backend\[39mnode_modules\
[4m.pnpm[24m\jest-circus@29.7.0\node_modules\[4mjest-circus[24m\build\legacy
-code-todo-rewrite\jestAdapterInit.js:122:21[90m)[39m
    at jestAdapter [90m(C:\Users\Admin\Main\Desktop\HKI 2026-2027\CNM\Backend\
[39mnode_modules\[4m.pnpm[24m\jest-circus@29.7.0\node_modules\[4mjest-circu
s[24m\build\legacy-code-todo-rewrite\jestAdapter.js:79:19[90m)[39m
    at runTestInternal [90m(C:\Users\Admin\Main\Desktop\HKI 2026-2027\CNM\Back
end\[39mnode_modules\[4m.pnpm[24m\jest-runner@29.7.0\node_modules\[4mjest-r
unner[24m\build\runTest.js:367:16[90m)[39m
    at runTest [90m(C:\Users\Admin\Main\Desktop\HKI 2026-2027\CNM\Backend\[39
mnode_modules\[4m.pnpm[24m\jest-runner@29.7.0\node_modules\[4mjest-runner[2
4m\build\runTest.js:444:34[90m)[39m
    at Object.worker [90m(C:\Users\Admin\Main\Desktop\HKI 2026-2027\CNM\Backen
d\[39mnode_modules\[4m.pnpm[24m\jest-runner@29.7.0\node_modules\[4mjest-run
ner[24m\build\testWorker.js:106:12[90m)[39m
[31m[Nest] 15212  - [39m03/09/2026, 4:49:42 PM [31m  ERROR[39m 
[38;5;3m[CacheService] [39m[31mCache delete error:[39m
[31m[Nest] 15212  - [39m03/09/2026, 4:49:42 PM [31m  ERROR[39m 
[38;5;3m[CacheService] [39mError: Redis error
    at Object.<anonymous> [90m(C:\Users\Admin\Main\Desktop\HKI 2026-2027\CNM\B
ackend\[39mtest\integration\redis\cache.service.integration.spec.ts:389:46[90
m)[39m
    at Promise.then.completed [90m(C:\Users\Admin\Main\Desktop\HKI 2026-2027\C
NM\Backend\[39mnode_modules\[4m.pnpm[24m\jest-circus@29.7.0\node_modules\[4
mjest-circus[24m\build\utils.js:298:28[90m)[39m
    at new Promise (<anonymous>)
    at callAsyncCircusFn [90m(C:\Users\Admin\Main\Desktop\HKI 2026-2027\CNM\Ba
ckend\[39mnode_modules\[4m.pnpm[24m\jest-circus@29.7.0\node_modules\[4mjest
-circus[24m\build\utils.js:231:10[90m)[39m
    at _callCircusTest [90m(C:\Users\Admin\Main\Desktop\HKI 2026-2027\CNM\Back
end\[39mnode_modules\[4m.pnpm[24m\jest-circus@29.7.0\node_modules\[4mjest-c
ircus[24m\build\run.js:316:40[90m)[39m
[90m    at processTicksAndRejections 
(node:internal/process/task_queues:105:5)[39m
    at _runTest [90m(C:\Users\Admin\Main\Desktop\HKI 2026-2027\CNM\Backend\[3
9mnode_modules\[4m.pnpm[24m\jest-circus@29.7.0\node_modules\[4mjest-circus[
24m\build\run.js:252:3[90m)[39m
    at _runTestsForDescribeBlock [90m(C:\Users\Admin\Main\Desktop\HKI 2026-202
7\CNM\Backend\[39mnode_modules\[4m.pnpm[24m\jest-circus@29.7.0\node_modules\
[4mjest-circus[24m\build\run.js:126:9[90m)[39m
    at _runTestsForDescribeBlock [90m(C:\Users\Admin\Main\Desktop\HKI 2026-202
7\CNM\Backend\[39mnode_modules\[4m.pnpm[24m\jest-circus@29.7.0\node_modules\
[4mjest-circus[24m\build\run.js:121:9[90m)[39m
    at _runTestsForDescribeBlock [90m(C:\Users\Admin\Main\Desktop\HKI 2026-202
7\CNM\Backend\[39mnode_modules\[4m.pnpm[24m\jest-circus@29.7.0\node_modules\
[4mjest-circus[24m\build\run.js:121:9[90m)[39m
    at run [90m(C:\Users\Admin\Main\Desktop\HKI 2026-2027\CNM\Backend\[39mnod
e_modules\[4m.pnpm[24m\jest-circus@29.7.0\node_modules\[4mjest-circus[24m\b
uild\run.js:71:3[90m)[39m
    at runAndTransformResultsToJestFormat 
[90m(C:\Users\Admin\Main\Desktop\HKI 2026-2027\CNM\Backend\[39mnode_modules\
[4m.pnpm[24m\jest-circus@29.7.0\node_modules\[4mjest-circus[24m\build\legacy
-code-todo-rewrite\jestAdapterInit.js:122:21[90m)[39m
    at jestAdapter [90m(C:\Users\Admin\Main\Desktop\HKI 2026-2027\CNM\Backend\
[39mnode_modules\[4m.pnpm[24m\jest-circus@29.7.0\node_modules\[4mjest-circu
s[24m\build\legacy-code-todo-rewrite\jestAdapter.js:79:19[90m)[39m
    at runTestInternal [90m(C:\Users\Admin\Main\Desktop\HKI 2026-2027\CNM\Back
end\[39mnode_modules\[4m.pnpm[24m\jest-runner@29.7.0\node_modules\[4mjest-r
unner[24m\build\runTest.js:367:16[90m)[39m
    at runTest [90m(C:\Users\Admin\Main\Desktop\HKI 2026-2027\CNM\Backend\[39
mnode_modules\[4m.pnpm[24m\jest-runner@29.7.0\node_modules\[4mjest-runner[2
4m\build\runTest.js:444:34[90m)[39m
    at Object.worker [90m(C:\Users\Admin\Main\Desktop\HKI 2026-2027\CNM\Backen
d\[39mnode_modules\[4m.pnpm[24m\jest-runner@29.7.0\node_modules\[4mjest-run
ner[24m\build\testWorker.js:106:12[90m)[39m
PASS test/integration/redis/cache.service.integration.spec.ts (26.459 s)
[31m[Nest] 11420  - [39m03/09/2026, 4:49:42 PM [31m  ERROR[39m 
[38;5;3m[PresenceStore] [39m[31mFailed to load Lua scripts, entering 
degraded mode[39m
[31m[Nest] 24988  - [39m03/09/2026, 4:49:42 PM [31m  ERROR[39m 
[38;5;3m[SummaryEngine] [39m[31mSummary failed: LLM timeout[39m
[31m[Nest] 24988  - [39m03/09/2026, 4:49:42 PM [31m  ERROR[39m 
[38;5;3m[SummaryEngine] [39m[31mSummary failed: provider down[39m
[31m[Nest] 11420  - [39m03/09/2026, 4:49:42 PM [31m  ERROR[39m 
[38;5;3m[PresenceStore] [39mError: Redis connection error
    at Object.<anonymous> [90m(C:\Users\Admin\Main\Desktop\HKI 2026-2027\CNM\B
ackend\[39mtest\integration\presence-service\presence.store.integration.spec.t
s:77:9[90m)[39m
    at Promise.then.completed [90m(C:\Users\Admin\Main\Desktop\HKI 2026-2027\C
NM\Backend\[39mnode_modules\[4m.pnpm[24m\jest-circus@29.7.0\node_modules\[4
mjest-circus[24m\build\utils.js:298:28[90m)[39m
    at new Promise (<anonymous>)
    at callAsyncCircusFn [90m(C:\Users\Admin\Main\Desktop\HKI 2026-2027\CNM\Ba
ckend\[39mnode_modules\[4m.pnpm[24m\jest-circus@29.7.0\node_modules\[4mjest
-circus[24m\build\utils.js:231:10[90m)[39m
    at _callCircusTest [90m(C:\Users\Admin\Main\Desktop\HKI 2026-2027\CNM\Back
end\[39mnode_modules\[4m.pnpm[24m\jest-circus@29.7.0\node_modules\[4mjest-c
ircus[24m\build\run.js:316:40[90m)[39m
[90m    at processTicksAndRejections 
(node:internal/process/task_queues:105:5)[39m
    at _runTest [90m(C:\Users\Admin\Main\Desktop\HKI 2026-2027\CNM\Backend\[3
9mnode_modules\[4m.pnpm[24m\jest-circus@29.7.0\node_modules\[4mjest-circus[
24m\build\run.js:252:3[90m)[39m
    at _runTestsForDescribeBlock [90m(C:\Users\Admin\Main\Desktop\HKI 2026-202
7\CNM\Backend\[39mnode_modules\[4m.pnpm[24m\jest-circus@29.7.0\node_modules\
[4mjest-circus[24m\build\run.js:126:9[90m)[39m
    at _runTestsForDescribeBlock [90m(C:\Users\Admin\Main\Desktop\HKI 2026-202
7\CNM\Backend\[39mnode_modules\[4m.pnpm[24m\jest-circus@29.7.0\node_modules\
[4mjest-circus[24m\build\run.js:121:9[90m)[39m
    at _runTestsForDescribeBlock [90m(C:\Users\Admin\Main\Desktop\HKI 2026-202
7\CNM\Backend\[39mnode_modules\[4m.pnpm[24m\jest-circus@29.7.0\node_modules\
[4mjest-circus[24m\build\run.js:121:9[90m)[39m
    at run [90m(C:\Users\Admin\Main\Desktop\HKI 2026-2027\CNM\Backend\[39mnod
e_modules\[4m.pnpm[24m\jest-circus@29.7.0\node_modules\[4mjest-circus[24m\b
uild\run.js:71:3[90m)[39m
    at runAndTransformResultsToJestFormat 
[90m(C:\Users\Admin\Main\Desktop\HKI 2026-2027\CNM\Backend\[39mnode_modules\
[4m.pnpm[24m\jest-circus@29.7.0\node_modules\[4mjest-circus[24m\build\legacy
-code-todo-rewrite\jestAdapterInit.js:122:21[90m)[39m
    at jestAdapter [90m(C:\Users\Admin\Main\Desktop\HKI 2026-2027\CNM\Backend\
[39mnode_modules\[4m.pnpm[24m\jest-circus@29.7.0\node_modules\[4mjest-circu
s[24m\build\legacy-code-todo-rewrite\jestAdapter.js:79:19[90m)[39m
    at runTestInternal [90m(C:\Users\Admin\Main\Desktop\HKI 2026-2027\CNM\Back
end\[39mnode_modules\[4m.pnpm[24m\jest-runner@29.7.0\node_modules\[4mjest-r
unner[24m\build\runTest.js:367:16[90m)[39m
    at runTest [90m(C:\Users\Admin\Main\Desktop\HKI 2026-2027\CNM\Backend\[39
mnode_modules\[4m.pnpm[24m\jest-runner@29.7.0\node_modules\[4mjest-runner[2
4m\build\runTest.js:444:34[90m)[39m
    at Object.worker [90m(C:\Users\Admin\Main\Desktop\HKI 2026-2027\CNM\Backen
d\[39mnode_modules\[4m.pnpm[24m\jest-runner@29.7.0\node_modules\[4mjest-run
ner[24m\build\testWorker.js:106:12[90m)[39m
[31m[Nest] 11420  - [39m03/09/2026, 4:49:42 PM [31m  ERROR[39m 
[38;5;3m[PresenceStore] [39m[31mFailed to load Lua scripts, entering 
degraded mode[39m
[31m[Nest] 11420  - [39m03/09/2026, 4:49:42 PM [31m  ERROR[39m 
[38;5;3m[PresenceStore] [39mError: Connection refused
    at Object.<anonymous> [90m(C:\Users\Admin\Main\Desktop\HKI 2026-2027\CNM\B
ackend\[39mtest\integration\presence-service\presence.store.integration.spec.t
s:397:9[90m)[39m
    at Promise.then.completed [90m(C:\Users\Admin\Main\Desktop\HKI 2026-2027\C
NM\Backend\[39mnode_modules\[4m.pnpm[24m\jest-circus@29.7.0\node_modules\[4
mjest-circus[24m\build\utils.js:298:28[90m)[39m
    at new Promise (<anonymous>)
    at callAsyncCircusFn [90m(C:\Users\Admin\Main\Desktop\HKI 2026-2027\CNM\Ba
ckend\[39mnode_modules\[4m.pnpm[24m\jest-circus@29.7.0\node_modules\[4mjest
-circus[24m\build\utils.js:231:10[90m)[39m
    at _callCircusTest [90m(C:\Users\Admin\Main\Desktop\HKI 2026-2027\CNM\Back
end\[39mnode_modules\[4m.pnpm[24m\jest-circus@29.7.0\node_modules\[4mjest-c
ircus[24m\build\run.js:316:40[90m)[39m
[90m    at processTicksAndRejections 
(node:internal/process/task_queues:105:5)[39m
    at _runTest [90m(C:\Users\Admin\Main\Desktop\HKI 2026-2027\CNM\Backend\[3
9mnode_modules\[4m.pnpm[24m\jest-circus@29.7.0\node_modules\[4mjest-circus[
24m\build\run.js:252:3[90m)[39m
    at _runTestsForDescribeBlock [90m(C:\Users\Admin\Main\Desktop\HKI 2026-202
7\CNM\Backend\[39mnode_modules\[4m.pnpm[24m\jest-circus@29.7.0\node_modules\
[4mjest-circus[24m\build\run.js:126:9[90m)[39m
    at _runTestsForDescribeBlock [90m(C:\Users\Admin\Main\Desktop\HKI 2026-202
7\CNM\Backend\[39mnode_modules\[4m.pnpm[24m\jest-circus@29.7.0\node_modules\
[4mjest-circus[24m\build\run.js:121:9[90m)[39m
    at _runTestsForDescribeBlock [90m(C:\Users\Admin\Main\Desktop\HKI 2026-202
7\CNM\Backend\[39mnode_modules\[4m.pnpm[24m\jest-circus@29.7.0\node_modules\
[4mjest-circus[24m\build\run.js:121:9[90m)[39m
    at run [90m(C:\Users\Admin\Main\Desktop\HKI 2026-2027\CNM\Backend\[39mnod
e_modules\[4m.pnpm[24m\jest-circus@29.7.0\node_modules\[4mjest-circus[24m\b
uild\run.js:71:3[90m)[39m
    at runAndTransformResultsToJestFormat 
[90m(C:\Users\Admin\Main\Desktop\HKI 2026-2027\CNM\Backend\[39mnode_modules\
[4m.pnpm[24m\jest-circus@29.7.0\node_modules\[4mjest-circus[24m\build\legacy
-code-todo-rewrite\jestAdapterInit.js:122:21[90m)[39m
    at jestAdapter [90m(C:\Users\Admin\Main\Desktop\HKI 2026-2027\CNM\Backend\
[39mnode_modules\[4m.pnpm[24m\jest-circus@29.7.0\node_modules\[4mjest-circu
s[24m\build\legacy-code-todo-rewrite\jestAdapter.js:79:19[90m)[39m
    at runTestInternal [90m(C:\Users\Admin\Main\Desktop\HKI 2026-2027\CNM\Back
end\[39mnode_modules\[4m.pnpm[24m\jest-runner@29.7.0\node_modules\[4mjest-r
unner[24m\build\runTest.js:367:16[90m)[39m
    at runTest [90m(C:\Users\Admin\Main\Desktop\HKI 2026-2027\CNM\Backend\[39
mnode_modules\[4m.pnpm[24m\jest-runner@29.7.0\node_modules\[4mjest-runner[2
4m\build\runTest.js:444:34[90m)[39m
    at Object.worker [90m(C:\Users\Admin\Main\Desktop\HKI 2026-2027\CNM\Backen
d\[39mnode_modules\[4m.pnpm[24m\jest-runner@29.7.0\node_modules\[4mjest-run
ner[24m\build\testWorker.js:106:12[90m)[39m
[31m[Nest] 11420  - [39m03/09/2026, 4:49:42 PM [31m  ERROR[39m 
[38;5;3m[PresenceStore] [39m[31mFailed to load Lua scripts, entering 
degraded mode[39m
[31m[Nest] 11420  - [39m03/09/2026, 4:49:42 PM [31m  ERROR[39m 
[38;5;3m[PresenceStore] [39mError: Connection refused
    at Object.<anonymous> [90m(C:\Users\Admin\Main\Desktop\HKI 2026-2027\CNM\B
ackend\[39mtest\integration\presence-service\presence.store.integration.spec.t
s:418:9[90m)[39m
    at Promise.then.completed [90m(C:\Users\Admin\Main\Desktop\HKI 2026-2027\C
NM\Backend\[39mnode_modules\[4m.pnpm[24m\jest-circus@29.7.0\node_modules\[4
mjest-circus[24m\build\utils.js:298:28[90m)[39m
    at new Promise (<anonymous>)
    at callAsyncCircusFn [90m(C:\Users\Admin\Main\Desktop\HKI 2026-2027\CNM\Ba
ckend\[39mnode_modules\[4m.pnpm[24m\jest-circus@29.7.0\node_modules\[4mjest
-circus[24m\build\utils.js:231:10[90m)[39m
    at _callCircusTest [90m(C:\Users\Admin\Main\Desktop\HKI 2026-2027\CNM\Back
end\[39mnode_modules\[4m.pnpm[24m\jest-circus@29.7.0\node_modules\[4mjest-c
ircus[24m\build\run.js:316:40[90m)[39m
[90m    at processTicksAndRejections 
(node:internal/process/task_queues:105:5)[39m
    at _runTest [90m(C:\Users\Admin\Main\Desktop\HKI 2026-2027\CNM\Backend\[3
9mnode_modules\[4m.pnpm[24m\jest-circus@29.7.0\node_modules\[4mjest-circus[
24m\build\run.js:252:3[90m)[39m
    at _runTestsForDescribeBlock [90m(C:\Users\Admin\Main\Desktop\HKI 2026-202
7\CNM\Backend\[39mnode_modules\[4m.pnpm[24m\jest-circus@29.7.0\node_modules\
[4mjest-circus[24m\build\run.js:126:9[90m)[39m
    at _runTestsForDescribeBlock [90m(C:\Users\Admin\Main\Desktop\HKI 2026-202
7\CNM\Backend\[39mnode_modules\[4m.pnpm[24m\jest-circus@29.7.0\node_modules\
[4mjest-circus[24m\build\run.js:121:9[90m)[39m
    at _runTestsForDescribeBlock [90m(C:\Users\Admin\Main\Desktop\HKI 2026-202
7\CNM\Backend\[39mnode_modules\[4m.pnpm[24m\jest-circus@29.7.0\node_modules\
[4mjest-circus[24m\build\run.js:121:9[90m)[39m
    at run [90m(C:\Users\Admin\Main\Desktop\HKI 2026-2027\CNM\Backend\[39mnod
e_modules\[4m.pnpm[24m\jest-circus@29.7.0\node_modules\[4mjest-circus[24m\b
uild\run.js:71:3[90m)[39m
    at runAndTransformResultsToJestFormat 
[90m(C:\Users\Admin\Main\Desktop\HKI 2026-2027\CNM\Backend\[39mnode_modules\
[4m.pnpm[24m\jest-circus@29.7.0\node_modules\[4mjest-circus[24m\build\legacy
-code-todo-rewrite\jestAdapterInit.js:122:21[90m)[39m
    at jestAdapter [90m(C:\Users\Admin\Main\Desktop\HKI 2026-2027\CNM\Backend\
[39mnode_modules\[4m.pnpm[24m\jest-circus@29.7.0\node_modules\[4mjest-circu
s[24m\build\legacy-code-todo-rewrite\jestAdapter.js:79:19[90m)[39m
    at runTestInternal [90m(C:\Users\Admin\Main\Desktop\HKI 2026-2027\CNM\Back
end\[39mnode_modules\[4m.pnpm[24m\jest-runner@29.7.0\node_modules\[4mjest-r
unner[24m\build\runTest.js:367:16[90m)[39m
    at runTest [90m(C:\Users\Admin\Main\Desktop\HKI 2026-2027\CNM\Backend\[39
mnode_modules\[4m.pnpm[24m\jest-runner@29.7.0\node_modules\[4mjest-runner[2
4m\build\runTest.js:444:34[90m)[39m
    at Object.worker [90m(C:\Users\Admin\Main\Desktop\HKI 2026-2027\CNM\Backen
d\[39mnode_modules\[4m.pnpm[24m\jest-runner@29.7.0\node_modules\[4mjest-run
ner[24m\build\testWorker.js:106:12[90m)[39m
[31m[Nest] 11420  - [39m03/09/2026, 4:49:42 PM [31m  ERROR[39m 
[38;5;3m[PresenceStore] [39m[31m[upsertOnline] Redis error: socket=socket-1 
user=user-1[39m
[31m[Nest] 11420  - [39m03/09/2026, 4:49:42 PM [31m  ERROR[39m 
[38;5;3m[PresenceStore] [39mError: Redis timeout
    at Object.<anonymous> [90m(C:\Users\Admin\Main\Desktop\HKI 2026-2027\CNM\B
ackend\[39mtest\integration\presence-service\presence.store.integration.spec.t
s:437:46[90m)[39m
    at Promise.then.completed [90m(C:\Users\Admin\Main\Desktop\HKI 2026-2027\C
NM\Backend\[39mnode_modules\[4m.pnpm[24m\jest-circus@29.7.0\node_modules\[4
mjest-circus[24m\build\utils.js:298:28[90m)[39m
    at new Promise (<anonymous>)
    at callAsyncCircusFn [90m(C:\Users\Admin\Main\Desktop\HKI 2026-2027\CNM\Ba
ckend\[39mnode_modules\[4m.pnpm[24m\jest-circus@29.7.0\node_modules\[4mjest
-circus[24m\build\utils.js:231:10[90m)[39m
    at _callCircusTest [90m(C:\Users\Admin\Main\Desktop\HKI 2026-2027\CNM\Back
end\[39mnode_modules\[4m.pnpm[24m\jest-circus@29.7.0\node_modules\[4mjest-c
ircus[24m\build\run.js:316:40[90m)[39m
[90m    at processTicksAndRejections 
(node:internal/process/task_queues:105:5)[39m
    at _runTest [90m(C:\Users\Admin\Main\Desktop\HKI 2026-2027\CNM\Backend\[3
9mnode_modules\[4m.pnpm[24m\jest-circus@29.7.0\node_modules\[4mjest-circus[
24m\build\run.js:252:3[90m)[39m
    at _runTestsForDescribeBlock [90m(C:\Users\Admin\Main\Desktop\HKI 2026-202
7\CNM\Backend\[39mnode_modules\[4m.pnpm[24m\jest-circus@29.7.0\node_modules\
[4mjest-circus[24m\build\run.js:126:9[90m)[39m
    at _runTestsForDescribeBlock [90m(C:\Users\Admin\Main\Desktop\HKI 2026-202
7\CNM\Backend\[39mnode_modules\[4m.pnpm[24m\jest-circus@29.7.0\node_modules\
[4mjest-circus[24m\build\run.js:121:9[90m)[39m
    at _runTestsForDescribeBlock [90m(C:\Users\Admin\Main\Desktop\HKI 2026-202
7\CNM\Backend\[39mnode_modules\[4m.pnpm[24m\jest-circus@29.7.0\node_modules\
[4mjest-circus[24m\build\run.js:121:9[90m)[39m
    at run [90m(C:\Users\Admin\Main\Desktop\HKI 2026-2027\CNM\Backend\[39mnod
e_modules\[4m.pnpm[24m\jest-circus@29.7.0\node_modules\[4mjest-circus[24m\b
uild\run.js:71:3[90m)[39m
    at runAndTransformResultsToJestFormat 
[90m(C:\Users\Admin\Main\Desktop\HKI 2026-2027\CNM\Backend\[39mnode_modules\
[4m.pnpm[24m\jest-circus@29.7.0\node_modules\[4mjest-circus[24m\build\legacy
-code-todo-rewrite\jestAdapterInit.js:122:21[90m)[39m
    at jestAdapter [90m(C:\Users\Admin\Main\Desktop\HKI 2026-2027\CNM\Backend\
[39mnode_modules\[4m.pnpm[24m\jest-circus@29.7.0\node_modules\[4mjest-circu
s[24m\build\legacy-code-todo-rewrite\jestAdapter.js:79:19[90m)[39m
    at runTestInternal [90m(C:\Users\Admin\Main\Desktop\HKI 2026-2027\CNM\Back
end\[39mnode_modules\[4m.pnpm[24m\jest-runner@29.7.0\node_modules\[4mjest-r
unner[24m\build\runTest.js:367:16[90m)[39m
    at runTest [90m(C:\Users\Admin\Main\Desktop\HKI 2026-2027\CNM\Backend\[39
mnode_modules\[4m.pnpm[24m\jest-runner@29.7.0\node_modules\[4mjest-runner[2
4m\build\runTest.js:444:34[90m)[39m
    at Object.worker [90m(C:\Users\Admin\Main\Desktop\HKI 2026-2027\CNM\Backen
d\[39mnode_modules\[4m.pnpm[24m\jest-runner@29.7.0\node_modules\[4mjest-run
ner[24m\build\testWorker.js:106:12[90m)[39m
[31m[Nest] 11420  - [39m03/09/2026, 4:49:42 PM [31m  ERROR[39m 
[38;5;3m[PresenceStore] [39m[31m[upsertOnline] Redis error: socket=socket-1 
user=user-1[39m
[31m[Nest] 11420  - [39m03/09/2026, 4:49:42 PM [31m  ERROR[39m 
[38;5;3m[PresenceStore] [39mError: ECONNREFUSED connection refused
    at Object.<anonymous> [90m(C:\Users\Admin\Main\Desktop\HKI 2026-2027\CNM\B
ackend\[39mtest\integration\presence-service\presence.store.integration.spec.t
s:453:9[90m)[39m
    at Promise.then.completed [90m(C:\Users\Admin\Main\Desktop\HKI 2026-2027\C
NM\Backend\[39mnode_modules\[4m.pnpm[24m\jest-circus@29.7.0\node_modules\[4
mjest-circus[24m\build\utils.js:298:28[90m)[39m
    at new Promise (<anonymous>)
    at callAsyncCircusFn [90m(C:\Users\Admin\Main\Desktop\HKI 2026-2027\CNM\Ba
ckend\[39mnode_modules\[4m.pnpm[24m\jest-circus@29.7.0\node_modules\[4mjest
-circus[24m\build\utils.js:231:10[90m)[39m
    at _callCircusTest [90m(C:\Users\Admin\Main\Desktop\HKI 2026-2027\CNM\Back
end\[39mnode_modules\[4m.pnpm[24m\jest-circus@29.7.0\node_modules\[4mjest-c
ircus[24m\build\run.js:316:40[90m)[39m
[90m    at processTicksAndRejections 
(node:internal/process/task_queues:105:5)[39m
    at _runTest [90m(C:\Users\Admin\Main\Desktop\HKI 2026-2027\CNM\Backend\[3
9mnode_modules\[4m.pnpm[24m\jest-circus@29.7.0\node_modules\[4mjest-circus[
24m\build\run.js:252:3[90m)[39m
    at _runTestsForDescribeBlock [90m(C:\Users\Admin\Main\Desktop\HKI 2026-202
7\CNM\Backend\[39mnode_modules\[4m.pnpm[24m\jest-circus@29.7.0\node_modules\
[4mjest-circus[24m\build\run.js:126:9[90m)[39m
    at _runTestsForDescribeBlock [90m(C:\Users\Admin\Main\Desktop\HKI 2026-202
7\CNM\Backend\[39mnode_modules\[4m.pnpm[24m\jest-circus@29.7.0\node_modules\
[4mjest-circus[24m\build\run.js:121:9[90m)[39m
    at _runTestsForDescribeBlock [90m(C:\Users\Admin\Main\Desktop\HKI 2026-202
7\CNM\Backend\[39mnode_modules\[4m.pnpm[24m\jest-circus@29.7.0\node_modules\
[4mjest-circus[24m\build\run.js:121:9[90m)[39m
    at run [90m(C:\Users\Admin\Main\Desktop\HKI 2026-2027\CNM\Backend\[39mnod
e_modules\[4m.pnpm[24m\jest-circus@29.7.0\node_modules\[4mjest-circus[24m\b
uild\run.js:71:3[90m)[39m
    at runAndTransformResultsToJestFormat 
[90m(C:\Users\Admin\Main\Desktop\HKI 2026-2027\CNM\Backend\[39mnode_modules\
[4m.pnpm[24m\jest-circus@29.7.0\node_modules\[4mjest-circus[24m\build\legacy
-code-todo-rewrite\jestAdapterInit.js:122:21[90m)[39m
    at jestAdapter [90m(C:\Users\Admin\Main\Desktop\HKI 2026-2027\CNM\Backend\
[39mnode_modules\[4m.pnpm[24m\jest-circus@29.7.0\node_modules\[4mjest-circu
s[24m\build\legacy-code-todo-rewrite\jestAdapter.js:79:19[90m)[39m
    at runTestInternal [90m(C:\Users\Admin\Main\Desktop\HKI 2026-2027\CNM\Back
end\[39mnode_modules\[4m.pnpm[24m\jest-runner@29.7.0\node_modules\[4mjest-r
unner[24m\build\runTest.js:367:16[90m)[39m
    at runTest [90m(C:\Users\Admin\Main\Desktop\HKI 2026-2027\CNM\Backend\[39
mnode_modules\[4m.pnpm[24m\jest-runner@29.7.0\node_modules\[4mjest-runner[2
4m\build\runTest.js:444:34[90m)[39m
    at Object.worker [90m(C:\Users\Admin\Main\Desktop\HKI 2026-2027\CNM\Backen
d\[39mnode_modules\[4m.pnpm[24m\jest-runner@29.7.0\node_modules\[4mjest-run
ner[24m\build\testWorker.js:106:12[90m)[39m
PASS test/integration/presence-service/presence.store.integration.spec.ts 
(26.722 s)
[31m[Nest] 24988  - [39m03/09/2026, 4:49:42 PM [31m  ERROR[39m 
[38;5;3m[TranslationEngine] [39m[31mTranslation failed: LLM error[39m
[31m[Nest] 24988  - [39m03/09/2026, 4:49:42 PM [31m  ERROR[39m 
[38;5;3m[TranslationEngine] [39m[31mTranslation failed: network error[39m
[31m[Nest] 24988  - [39m03/09/2026, 4:49:42 PM [31m  ERROR[39m 
[38;5;3m[TranslationEngine] [39m[31mTranslation failed: fail[39m
[31m[Nest] 29604  - [39m03/09/2026, 4:49:42 PM [31m  ERROR[39m 
[38;5;3m[PresenceConsumer] [39m[31m[CONNECT] Failed: 
socket=socket-04a739a5-c306-4460-b4c7-52bc5cb22876 
user=e5b8db37-b087-453e-a9e4-c38968a9c7f5[39m
[31m[Nest] 29604  - [39m03/09/2026, 4:49:42 PM [31m  ERROR[39m 
[38;5;3m[PresenceConsumer] [39mError: Redis error
    at Object.<anonymous> [90m(C:\Users\Admin\Main\Desktop\HKI 2026-2027\CNM\B
ackend\[39mtest\integration\presence-service\presence.consumer.integration.spe
c.ts:141:48[90m)[39m
    at Promise.then.completed [90m(C:\Users\Admin\Main\Desktop\HKI 2026-2027\C
NM\Backend\[39mnode_modules\[4m.pnpm[24m\jest-circus@29.7.0\node_modules\[4
mjest-circus[24m\build\utils.js:298:28[90m)[39m
    at new Promise (<anonymous>)
    at callAsyncCircusFn [90m(C:\Users\Admin\Main\Desktop\HKI 2026-2027\CNM\Ba
ckend\[39mnode_modules\[4m.pnpm[24m\jest-circus@29.7.0\node_modules\[4mjest
-circus[24m\build\utils.js:231:10[90m)[39m
    at _callCircusTest [90m(C:\Users\Admin\Main\Desktop\HKI 2026-2027\CNM\Back
end\[39mnode_modules\[4m.pnpm[24m\jest-circus@29.7.0\node_modules\[4mjest-c
ircus[24m\build\run.js:316:40[90m)[39m
[90m    at processTicksAndRejections 
(node:internal/process/task_queues:105:5)[39m
    at _runTest [90m(C:\Users\Admin\Main\Desktop\HKI 2026-2027\CNM\Backend\[3
9mnode_modules\[4m.pnpm[24m\jest-circus@29.7.0\node_modules\[4mjest-circus[
24m\build\run.js:252:3[90m)[39m
    at _runTestsForDescribeBlock [90m(C:\Users\Admin\Main\Desktop\HKI 2026-202
7\CNM\Backend\[39mnode_modules\[4m.pnpm[24m\jest-circus@29.7.0\node_modules\
[4mjest-circus[24m\build\run.js:126:9[90m)[39m
    at _runTestsForDescribeBlock [90m(C:\Users\Admin\Main\Desktop\HKI 2026-202
7\CNM\Backend\[39mnode_modules\[4m.pnpm[24m\jest-circus@29.7.0\node_modules\
[4mjest-circus[24m\build\run.js:121:9[90m)[39m
    at _runTestsForDescribeBlock [90m(C:\Users\Admin\Main\Desktop\HKI 2026-202
7\CNM\Backend\[39mnode_modules\[4m.pnpm[24m\jest-circus@29.7.0\node_modules\
[4mjest-circus[24m\build\run.js:121:9[90m)[39m
    at run [90m(C:\Users\Admin\Main\Desktop\HKI 2026-2027\CNM\Backend\[39mnod
e_modules\[4m.pnpm[24m\jest-circus@29.7.0\node_modules\[4mjest-circus[24m\b
uild\run.js:71:3[90m)[39m
    at runAndTransformResultsToJestFormat 
[90m(C:\Users\Admin\Main\Desktop\HKI 2026-2027\CNM\Backend\[39mnode_modules\
[4m.pnpm[24m\jest-circus@29.7.0\node_modules\[4mjest-circus[24m\build\legacy
-code-todo-rewrite\jestAdapterInit.js:122:21[90m)[39m
    at jestAdapter [90m(C:\Users\Admin\Main\Desktop\HKI 2026-2027\CNM\Backend\
[39mnode_modules\[4m.pnpm[24m\jest-circus@29.7.0\node_modules\[4mjest-circu
s[24m\build\legacy-code-todo-rewrite\jestAdapter.js:79:19[90m)[39m
    at runTestInternal [90m(C:\Users\Admin\Main\Desktop\HKI 2026-2027\CNM\Back
end\[39mnode_modules\[4m.pnpm[24m\jest-runner@29.7.0\node_modules\[4mjest-r
unner[24m\build\runTest.js:367:16[90m)[39m
    at runTest [90m(C:\Users\Admin\Main\Desktop\HKI 2026-2027\CNM\Backend\[39
mnode_modules\[4m.pnpm[24m\jest-runner@29.7.0\node_modules\[4mjest-runner[2
4m\build\runTest.js:444:34[90m)[39m
    at Object.worker [90m(C:\Users\Admin\Main\Desktop\HKI 2026-2027\CNM\Backen
d\[39mnode_modules\[4m.pnpm[24m\jest-runner@29.7.0\node_modules\[4mjest-run
ner[24m\build\testWorker.js:106:12[90m)[39m
[31m[Nest] 29604  - [39m03/09/2026, 4:49:42 PM [31m  ERROR[39m 
[38;5;3m[PresenceConsumer] [39m[31m[HEARTBEAT] Failed: 
socket=socket-0b8cc0d6-14ae-458c-95d6-72400bfcb486 
user=b528cb19-07a5-4293-b50b-0d757b6be6e7[39m
[31m[Nest] 29604  - [39m03/09/2026, 4:49:42 PM [31m  ERROR[39m 
[38;5;3m[PresenceConsumer] [39mError: timeout
    at Object.<anonymous> [90m(C:\Users\Admin\Main\Desktop\HKI 2026-2027\CNM\B
ackend\[39mtest\integration\presence-service\presence.consumer.integration.spe
c.ts:179:45[90m)[39m
    at Promise.then.completed [90m(C:\Users\Admin\Main\Desktop\HKI 2026-2027\C
NM\Backend\[39mnode_modules\[4m.pnpm[24m\jest-circus@29.7.0\node_modules\[4
mjest-circus[24m\build\utils.js:298:28[90m)[39m
    at new Promise (<anonymous>)
    at callAsyncCircusFn [90m(C:\Users\Admin\Main\Desktop\HKI 2026-2027\CNM\Ba
ckend\[39mnode_modules\[4m.pnpm[24m\jest-circus@29.7.0\node_modules\[4mjest
-circus[24m\build\utils.js:231:10[90m)[39m
    at _callCircusTest [90m(C:\Users\Admin\Main\Desktop\HKI 2026-2027\CNM\Back
end\[39mnode_modules\[4m.pnpm[24m\jest-circus@29.7.0\node_modules\[4mjest-c
ircus[24m\build\run.js:316:40[90m)[39m
[90m    at processTicksAndRejections 
(node:internal/process/task_queues:105:5)[39m
    at _runTest [90m(C:\Users\Admin\Main\Desktop\HKI 2026-2027\CNM\Backend\[3
9mnode_modules\[4m.pnpm[24m\jest-circus@29.7.0\node_modules\[4mjest-circus[
24m\build\run.js:252:3[90m)[39m
    at _runTestsForDescribeBlock [90m(C:\Users\Admin\Main\Desktop\HKI 2026-202
7\CNM\Backend\[39mnode_modules\[4m.pnpm[24m\jest-circus@29.7.0\node_modules\
[4mjest-circus[24m\build\run.js:126:9[90m)[39m
    at _runTestsForDescribeBlock [90m(C:\Users\Admin\Main\Desktop\HKI 2026-202
7\CNM\Backend\[39mnode_modules\[4m.pnpm[24m\jest-circus@29.7.0\node_modules\
[4mjest-circus[24m\build\run.js:121:9[90m)[39m
    at _runTestsForDescribeBlock [90m(C:\Users\Admin\Main\Desktop\HKI 2026-202
7\CNM\Backend\[39mnode_modules\[4m.pnpm[24m\jest-circus@29.7.0\node_modules\
[4mjest-circus[24m\build\run.js:121:9[90m)[39m
    at run [90m(C:\Users\Admin\Main\Desktop\HKI 2026-2027\CNM\Backend\[39mnod
e_modules\[4m.pnpm[24m\jest-circus@29.7.0\node_modules\[4mjest-circus[24m\b
uild\run.js:71:3[90m)[39m
    at runAndTransformResultsToJestFormat 
[90m(C:\Users\Admin\Main\Desktop\HKI 2026-2027\CNM\Backend\[39mnode_modules\
[4m.pnpm[24m\jest-circus@29.7.0\node_modules\[4mjest-circus[24m\build\legacy
-code-todo-rewrite\jestAdapterInit.js:122:21[90m)[39m
    at jestAdapter [90m(C:\Users\Admin\Main\Desktop\HKI 2026-2027\CNM\Backend\
[39mnode_modules\[4m.pnpm[24m\jest-circus@29.7.0\node_modules\[4mjest-circu
s[24m\build\legacy-code-todo-rewrite\jestAdapter.js:79:19[90m)[39m
    at runTestInternal [90m(C:\Users\Admin\Main\Desktop\HKI 2026-2027\CNM\Back
end\[39mnode_modules\[4m.pnpm[24m\jest-runner@29.7.0\node_modules\[4mjest-r
unner[24m\build\runTest.js:367:16[90m)[39m
    at runTest [90m(C:\Users\Admin\Main\Desktop\HKI 2026-2027\CNM\Backend\[39
mnode_modules\[4m.pnpm[24m\jest-runner@29.7.0\node_modules\[4mjest-runner[2
4m\build\runTest.js:444:34[90m)[39m
    at Object.worker [90m(C:\Users\Admin\Main\Desktop\HKI 2026-2027\CNM\Backen
d\[39mnode_modules\[4m.pnpm[24m\jest-runner@29.7.0\node_modules\[4mjest-run
ner[24m\build\testWorker.js:106:12[90m)[39m
FAIL test/integration/ai-core-service/summary-translation.integration.spec.ts 
(26.788 s)
  ΓùÅ TranslationEngine (integration) ΓÇ║ cache miss ΓåÆ LLM call ΓÇ║ prompt 
user message references source and target language

    expect(received).toContain(expected) // indexOf

    Expected substring: "vi"
    Received string:    "Hello, how are you?"

    [0m [90m 474 |[39m       [36mconst[39m req [33m=[39m gateway[33m.[
39mcomplete[33m.[39mmock[33m.[39mcalls[[35m0[39m][[35m1[39m] 
[36mas[39m any[33m;[39m
     [90m 475 |[39m       [36mconst[39m userMsg[33m:[39m string 
[33m=[39m req[33m.[39mmessages[[35m1[39m][33m.[39mcontent[33m;[39m
    [31m[1m>[22m[39m[90m 476 |[39m       
expect(userMsg)[33m.[39mtoContain([32m'vi'[39m)[33m;[39m
     [90m     |[39m                       [31m[1m^[22m[39m
     [90m 477 |[39m     })[33m;[39m
     [90m 478 |[39m
     [90m 479 |[39m     it([32m'stores translation to Redis with TTL 
86400'[39m[33m,[39m [36masync[39m () [33m=>[39m {[0m

      at Object.<anonymous> 
(integration/ai-core-service/summary-translation.integration.spec.ts:476:23)

[31m[Nest] 29604  - [39m03/09/2026, 4:49:42 PM [31m  ERROR[39m 
[38;5;3m[PresenceConsumer] [39m[31m[DISCONNECT] Failed: 
socket=socket-e22d5c30-afae-4014-b188-c2710b86982f 
user=ce114531-e290-4509-940e-1ebf693d7de3[39m
[31m[Nest] 29604  - [39m03/09/2026, 4:49:42 PM [31m  ERROR[39m 
[38;5;3m[PresenceConsumer] [39mError: Redis down
    at Object.<anonymous> [90m(C:\Users\Admin\Main\Desktop\HKI 2026-2027\CNM\B
ackend\[39mtest\integration\presence-service\presence.consumer.integration.spe
c.ts:254:47[90m)[39m
    at Promise.then.completed [90m(C:\Users\Admin\Main\Desktop\HKI 2026-2027\C
NM\Backend\[39mnode_modules\[4m.pnpm[24m\jest-circus@29.7.0\node_modules\[4
mjest-circus[24m\build\utils.js:298:28[90m)[39m
    at new Promise (<anonymous>)
    at callAsyncCircusFn [90m(C:\Users\Admin\Main\Desktop\HKI 2026-2027\CNM\Ba
ckend\[39mnode_modules\[4m.pnpm[24m\jest-circus@29.7.0\node_modules\[4mjest
-circus[24m\build\utils.js:231:10[90m)[39m
    at _callCircusTest [90m(C:\Users\Admin\Main\Desktop\HKI 2026-2027\CNM\Back
end\[39mnode_modules\[4m.pnpm[24m\jest-circus@29.7.0\node_modules\[4mjest-c
ircus[24m\build\run.js:316:40[90m)[39m
[90m    at processTicksAndRejections 
(node:internal/process/task_queues:105:5)[39m
    at _runTest [90m(C:\Users\Admin\Main\Desktop\HKI 2026-2027\CNM\Backend\[3
9mnode_modules\[4m.pnpm[24m\jest-circus@29.7.0\node_modules\[4mjest-circus[
24m\build\run.js:252:3[90m)[39m
    at _runTestsForDescribeBlock [90m(C:\Users\Admin\Main\Desktop\HKI 2026-202
7\CNM\Backend\[39mnode_modules\[4m.pnpm[24m\jest-circus@29.7.0\node_modules\
[4mjest-circus[24m\build\run.js:126:9[90m)[39m
    at _runTestsForDescribeBlock [90m(C:\Users\Admin\Main\Desktop\HKI 2026-202
7\CNM\Backend\[39mnode_modules\[4m.pnpm[24m\jest-circus@29.7.0\node_modules\
[4mjest-circus[24m\build\run.js:121:9[90m)[39m
    at _runTestsForDescribeBlock [90m(C:\Users\Admin\Main\Desktop\HKI 2026-202
7\CNM\Backend\[39mnode_modules\[4m.pnpm[24m\jest-circus@29.7.0\node_modules\
[4mjest-circus[24m\build\run.js:121:9[90m)[39m
    at run [90m(C:\Users\Admin\Main\Desktop\HKI 2026-2027\CNM\Backend\[39mnod
e_modules\[4m.pnpm[24m\jest-circus@29.7.0\node_modules\[4mjest-circus[24m\b
uild\run.js:71:3[90m)[39m
    at runAndTransformResultsToJestFormat 
[90m(C:\Users\Admin\Main\Desktop\HKI 2026-2027\CNM\Backend\[39mnode_modules\
[4m.pnpm[24m\jest-circus@29.7.0\node_modules\[4mjest-circus[24m\build\legacy
-code-todo-rewrite\jestAdapterInit.js:122:21[90m)[39m
    at jestAdapter [90m(C:\Users\Admin\Main\Desktop\HKI 2026-2027\CNM\Backend\
[39mnode_modules\[4m.pnpm[24m\jest-circus@29.7.0\node_modules\[4mjest-circu
s[24m\build\legacy-code-todo-rewrite\jestAdapter.js:79:19[90m)[39m
    at runTestInternal [90m(C:\Users\Admin\Main\Desktop\HKI 2026-2027\CNM\Back
end\[39mnode_modules\[4m.pnpm[24m\jest-runner@29.7.0\node_modules\[4mjest-r
unner[24m\build\runTest.js:367:16[90m)[39m
    at runTest [90m(C:\Users\Admin\Main\Desktop\HKI 2026-2027\CNM\Backend\[39
mnode_modules\[4m.pnpm[24m\jest-runner@29.7.0\node_modules\[4mjest-runner[2
4m\build\runTest.js:444:34[90m)[39m
    at Object.worker [90m(C:\Users\Admin\Main\Desktop\HKI 2026-2027\CNM\Backen
d\[39mnode_modules\[4m.pnpm[24m\jest-runner@29.7.0\node_modules\[4mjest-run
ner[24m\build\testWorker.js:106:12[90m)[39m
PASS test/integration/presence-service/presence.consumer.integration.spec.ts 
(26.796 s)
[31m[Nest] 18360  - [39m03/09/2026, 4:49:44 PM [31m  ERROR[39m 
[38;5;3m[ModerationEngine] [39m[31mModeration failed for message msg-001: 
Network error[39m
[31m[Nest] 18360  - [39m03/09/2026, 4:49:44 PM [31m  ERROR[39m 
[38;5;3m[ModerationEngine] [39m[31mModeration failed for message msg-001: 
DB failure[39m
PASS test/integration/ai-core-service/moderation-engine.integration.spec.ts 
(29.099 s)
[31m[Nest] 14416  - [39m03/09/2026, 4:49:46 PM [31m  ERROR[39m 
[38;5;3m[PersistMessageConsumer] 
[39m[31m[trace-e0a987f8-6d28-46ab-8faf-aa5665f6401c] ChatMessageSend 
failed[39m
[31m[Nest] 14416  - [39m03/09/2026, 4:49:46 PM [31m  ERROR[39m 
[38;5;3m[PersistMessageConsumer] [39mObject(3) {
  messageId: [32m'7ba2cdf0-9d1a-425d-8472-4ea4557bf1a7'[39m,
  error: [32m'ScyllaDB write timeout'[39m,
  stack: [32m'Error: ScyllaDB write timeout\n    at Object.<anonymous> 
(C:\\Users\\Admin\\Main\\Desktop\\HKI 2026-2027\\CNM\\Backend\\test\\integratio
n\\chat-service\\persist-message.consumer.integration.spec.ts:386:19)\n    at 
C:\\Users\\Admin\\Main\\Desktop\\HKI 2026-2027\\CNM\\Backend\\node_modules\\.pn
pm\\jest-mock@29.7.0\\node_modules\\jest-mock\\build\\index.js:397:39\n    at 
Object.<anonymous> (C:\\Users\\Admin\\Main\\Desktop\\HKI 2026-2027\\CNM\\Backen
d\\node_modules\\.pnpm\\jest-mock@29.7.0\\node_modules\\jest-mock\\build\\index
.js:404:13)\n    at Object.mockConstructor [as execute] 
(C:\\Users\\Admin\\Main\\Desktop\\HKI 2026-2027\\CNM\\Backend\\node_modules\\.p
npm\\jest-mock@29.7.0\\node_modules\\jest-mock\\build\\index.js:103:19)\n    
at MessageRepository.insertMessage (C:\\Users\\Admin\\Main\\Desktop\\HKI 2026-2
027\\CNM\\Backend\\libs\\scylla\\src\\repositories\\message.repository.ts:43:23
)\n    at PersistMessageConsumer.onSend (C:\\Users\\Admin\\Main\\Desktop\\HKI 2
026-2027\\CNM\\Backend\\apps\\chat-service\\src\\consumers\\persist-message.con
sumer.ts:82:23)\n    at Object.<anonymous> 
(C:\\Users\\Admin\\Main\\Desktop\\HKI 2026-2027\\CNM\\Backend\\test\\integratio
n\\chat-service\\persist-message.consumer.integration.spec.ts:392:7)'[39m
}
PASS 
test/integration/chat-service/persist-message.consumer.integration.spec.ts 
(30.331 s)
  ΓùÅ Console

    console.log
      [dotenv@17.2.3] injecting env (31) from .env -- tip: Γ£à audit secrets 
and track compliance: https://dotenvx.com/ops

      at _log 
(../node_modules/.pnpm/dotenv@17.2.3/node_modules/dotenv/lib/main.js:142:11)

PASS test/integration/typeorm/conversations.service.integration.spec.ts 
(30.424 s)
  ΓùÅ Console

    console.log
      [dotenv@17.2.3] injecting env (31) from .env -- tip: ≡ƒ¢á∩╕Å  run 
anywhere with `dotenvx run -- yourcommand`

      at _log 
(../node_modules/.pnpm/dotenv@17.2.3/node_modules/dotenv/lib/main.js:142:11)

PASS test/integration/typeorm/users.service.integration.spec.ts (30.566 s)
  ΓùÅ Console

    console.log
      [dotenv@17.2.3] injecting env (31) from .env -- tip: ΓÜÖ∩╕Å  enable 
debug logging with { debug: true }

      at _log 
(../node_modules/.pnpm/dotenv@17.2.3/node_modules/dotenv/lib/main.js:142:11)

PASS test/integration/typeorm/friends.service.integration.spec.ts (30.592 s)
  ΓùÅ Console

    console.log
      [dotenv@17.2.3] injecting env (31) from .env -- tip: ≡ƒ¢á∩╕Å  run 
anywhere with `dotenvx run -- yourcommand`

      at _log 
(../node_modules/.pnpm/dotenv@17.2.3/node_modules/dotenv/lib/main.js:142:11)


Test Suites: 1 failed, 10 passed, 11 total
Tests:       1 failed, 210 passed, 211 total
Snapshots:   0 total
Time:        32.04 s
Ran all test suites matching /integration/i.
Force exiting Jest: Have you considered using `--detectOpenHandles` to detect 
async operations that kept running after all tests finished?
ΓÇëELIFECYCLEΓÇë Command failed with exit code 1.
